// Jest Snapshot v1, https://goo.gl/fbAQLP

exports[`MonthCalendar render correctly 1`] = `
<styled.div
  $show={false}
>
  <styled.table
    $show={false}
  >
    <tbody>
      <tr>
        <styled.td
          key="td0_0"
        >
          <styled.div
            $isHeader={true}
          >
            S
          </styled.div>
        </styled.td>
        <styled.td
          key="td0_1"
        >
          <styled.div
            $isHeader={true}
          >
            M
          </styled.div>
        </styled.td>
        <styled.td
          key="td0_2"
        >
          <styled.div
            $isHeader={true}
          >
            T
          </styled.div>
        </styled.td>
        <styled.td
          key="td0_3"
        >
          <styled.div
            $isHeader={true}
          >
            W
          </styled.div>
        </styled.td>
        <styled.td
          key="td0_4"
        >
          <styled.div
            $isHeader={true}
          >
            T
          </styled.div>
        </styled.td>
        <styled.td
          key="td0_5"
        >
          <styled.div
            $isHeader={true}
          >
            F
          </styled.div>
        </styled.td>
        <styled.td
          key="td0_6"
        >
          <styled.div
            $isHeader={true}
          >
            S
          </styled.div>
        </styled.td>
      </tr>
      <tr
        key="tr_0"
      >
        <styled.td
          key="tc_0_0"
        >
          <styled.div
            $enabled={false}
            onClick={[Function]}
            selected={false}
          />
        </styled.td>
        <styled.td
          key="tc_0_1"
        >
          <styled.div
            $enabled={false}
            onClick={[Function]}
            selected={false}
          />
        </styled.td>
        <styled.td
          key="tc_0_2"
        >
          <styled.div
            $enabled={false}
            onClick={[Function]}
            selected={false}
          />
        </styled.td>
        <styled.td
          key="tc_0_3"
        >
          <styled.div
            $enabled={false}
            onClick={[Function]}
            selected={false}
          />
        </styled.td>
        <styled.td
          key="tc_0_4"
        >
          <styled.div
            $enabled={false}
            onClick={[Function]}
            selected={false}
          />
        </styled.td>
        <styled.td
          key="tc_0_5"
        >
          <styled.div
            $enabled={false}
            onClick={[Function]}
            selected={false}
          />
        </styled.td>
        <styled.td
          key="tc_0_6"
        >
          <styled.div
            $enabled={false}
            onClick={[Function]}
            selected={false}
          >
            1
          </styled.div>
        </styled.td>
      </tr>
      <tr
        key="tr_1"
      >
        <styled.td
          key="tc_1_0"
        >
          <styled.div
            $enabled={false}
            onClick={[Function]}
            selected={false}
          >
            2
          </styled.div>
        </styled.td>
        <styled.td
          key="tc_1_1"
        >
          <styled.div
            $enabled={false}
            onClick={[Function]}
            selected={false}
          >
            3
          </styled.div>
        </styled.td>
        <styled.td
          key="tc_1_2"
        >
          <styled.div
            $enabled={false}
            onClick={[Function]}
            selected={false}
          >
            4
          </styled.div>
        </styled.td>
        <styled.td
          key="tc_1_3"
        >
          <styled.div
            $enabled={false}
            onClick={[Function]}
            selected={false}
          >
            5
          </styled.div>
        </styled.td>
        <styled.td
          key="tc_1_4"
        >
          <styled.div
            $enabled={false}
            onClick={[Function]}
            selected={false}
          >
            6
          </styled.div>
        </styled.td>
        <styled.td
          key="tc_1_5"
        >
          <styled.div
            $enabled={false}
            onClick={[Function]}
            selected={false}
          >
            7
          </styled.div>
        </styled.td>
        <styled.td
          key="tc_1_6"
        >
          <styled.div
            $enabled={false}
            onClick={[Function]}
            selected={false}
          >
            8
          </styled.div>
        </styled.td>
      </tr>
      <tr
        key="tr_2"
      >
        <styled.td
          key="tc_2_0"
        >
          <styled.div
            $enabled={false}
            onClick={[Function]}
            selected={false}
          >
            9
          </styled.div>
        </styled.td>
        <styled.td
          key="tc_2_1"
        >
          <styled.div
            $enabled={false}
            onClick={[Function]}
            selected={false}
          >
            10
          </styled.div>
        </styled.td>
        <styled.td
          key="tc_2_2"
        >
          <styled.div
            $enabled={false}
            onClick={[Function]}
            selected={false}
          >
            11
          </styled.div>
        </styled.td>
        <styled.td
          key="tc_2_3"
        >
          <styled.div
            $enabled={false}
            onClick={[Function]}
            selected={false}
          >
            12
          </styled.div>
        </styled.td>
        <styled.td
          key="tc_2_4"
        >
          <styled.div
            $enabled={false}
            onClick={[Function]}
            selected={false}
          >
            13
          </styled.div>
        </styled.td>
        <styled.td
          key="tc_2_5"
        >
          <styled.div
            $enabled={false}
            onClick={[Function]}
            selected={false}
          >
            14
          </styled.div>
        </styled.td>
        <styled.td
          key="tc_2_6"
        >
          <styled.div
            $enabled={false}
            onClick={[Function]}
            selected={false}
          >
            15
          </styled.div>
        </styled.td>
      </tr>
      <tr
        key="tr_3"
      >
        <styled.td
          key="tc_3_0"
        >
          <styled.div
            $enabled={false}
            onClick={[Function]}
            selected={false}
          >
            16
          </styled.div>
        </styled.td>
        <styled.td
          key="tc_3_1"
        >
          <styled.div
            $enabled={false}
            onClick={[Function]}
            selected={false}
          >
            17
          </styled.div>
        </styled.td>
        <styled.td
          key="tc_3_2"
        >
          <styled.div
            $enabled={false}
            onClick={[Function]}
            selected={false}
          >
            18
          </styled.div>
        </styled.td>
        <styled.td
          key="tc_3_3"
        >
          <styled.div
            $enabled={false}
            onClick={[Function]}
            selected={false}
          >
            19
          </styled.div>
        </styled.td>
        <styled.td
          key="tc_3_4"
        >
          <styled.div
            $enabled={false}
            onClick={[Function]}
            selected={false}
          >
            20
          </styled.div>
        </styled.td>
        <styled.td
          key="tc_3_5"
        >
          <styled.div
            $enabled={false}
            onClick={[Function]}
            selected={false}
          >
            21
          </styled.div>
        </styled.td>
        <styled.td
          key="tc_3_6"
        >
          <styled.div
            $enabled={false}
            onClick={[Function]}
            selected={false}
          >
            22
          </styled.div>
        </styled.td>
      </tr>
      <tr
        key="tr_4"
      >
        <styled.td
          key="tc_4_0"
        >
          <styled.div
            $enabled={true}
            onClick={[Function]}
            selected={false}
          >
            23
          </styled.div>
        </styled.td>
        <styled.td
          key="tc_4_1"
        >
          <styled.div
            $enabled={true}
            onClick={[Function]}
            selected={false}
          >
            24
          </styled.div>
        </styled.td>
        <styled.td
          key="tc_4_2"
        >
          <styled.div
            $enabled={true}
            $isAdjacent={true}
            onClick={[Function]}
            selected={false}
          >
            25
          </styled.div>
        </styled.td>
        <styled.td
          key="tc_4_3"
        >
          <styled.div
            $enabled={true}
            $isAdjacent={true}
            onClick={[Function]}
            selected={false}
          >
            26
          </styled.div>
        </styled.td>
        <styled.td
          key="tc_4_4"
        >
          <styled.div
            $enabled={true}
            onClick={[Function]}
            selected={true}
          >
            27
          </styled.div>
        </styled.td>
        <styled.td
          key="tc_4_5"
        >
          <styled.div
            $enabled={true}
            $isAdjacent={true}
            onClick={[Function]}
            selected={false}
          >
            28
          </styled.div>
        </styled.td>
        <styled.td
          key="tc_4_6"
        >
          <styled.div
            $enabled={true}
            $isAdjacent={true}
            onClick={[Function]}
            selected={false}
          >
            29
          </styled.div>
        </styled.td>
      </tr>
      <tr
        key="tr_5"
      >
        <styled.td
          key="tc_5_0"
        >
          <styled.div
            $enabled={true}
            onClick={[Function]}
            selected={false}
          >
            30
          </styled.div>
        </styled.td>
      </tr>
    </tbody>
  </styled.table>
</styled.div>
`;
