// Jest Snapshot v1, https://goo.gl/fbAQLP

exports[`NavBar render correctly 1`] = `
<div
  className="sc-bdVaJa iHPEZw"
>
  <button
    className="sc-bwzfXH lbpgZt"
  >
    <img
      alt="Go Back"
      src="icon_go_back.svg"
    />
  </button>
  <img
    alt="Vensa"
    src="vensa_logo.svg"
  />
  <button
    className="sc-htpNat bnTCTa"
  >
    <img
      alt="Help"
      src="icon_help.svg"
    />
  </button>
</div>
`;
