// Jest Snapshot v1, https://goo.gl/fbAQLP

exports[`DaySlots render correctly 1`] = `
<styled.div>
  <styled.div>
    <Connect(ButtonDayBig)
      dateStr="2019-06-14"
      key="btnB_0"
      today={"2019-06-16T10:17:13.000Z"}
    />
    <Connect(ButtonDayBig)
      dateStr="2019-06-15"
      key="btnB_1"
      today={"2019-06-16T10:17:13.000Z"}
    />
    <Connect(ButtonDayBig)
      dateStr="2019-06-16"
      key="btnB_2"
      today={"2019-06-16T10:17:13.000Z"}
    />
    <Connect(ButtonDayBig)
      dateStr="2019-06-17"
      key="btnB_3"
      today={"2019-06-16T10:17:13.000Z"}
    />
    <Connect(ButtonDayBig)
      dateStr="2019-06-18"
      key="btnB_4"
      today={"2019-06-16T10:17:13.000Z"}
    />
    <Connect(ButtonDayBig)
      dateStr="2019-06-19"
      key="btnB_5"
      today={"2019-06-16T10:17:13.000Z"}
    />
    <Connect(ButtonDayBig)
      dateStr="2019-06-20"
      key="btnB_6"
      today={"2019-06-16T10:17:13.000Z"}
    />
    <Connect(ButtonDayBig)
      dateStr="2019-06-21"
      key="btnB_7"
      today={"2019-06-16T10:17:13.000Z"}
    />
    <Connect(ButtonDayBig)
      dateStr="2019-06-22"
      key="btnB_8"
      today={"2019-06-16T10:17:13.000Z"}
    />
    <Connect(ButtonDayBig)
      dateStr="2019-06-23"
      key="btnB_9"
      today={"2019-06-16T10:17:13.000Z"}
    />
    <Connect(ButtonDayBig)
      dateStr="2019-06-24"
      key="btnB_10"
      today={"2019-06-16T10:17:13.000Z"}
    />
    <Connect(ButtonDayBig)
      dateStr="2019-06-25"
      key="btnB_11"
      today={"2019-06-16T10:17:13.000Z"}
    />
    <Connect(ButtonDayBig)
      dateStr="2019-06-26"
      key="btnB_12"
      today={"2019-06-16T10:17:13.000Z"}
    />
    <Connect(ButtonDayBig)
      dateStr="2019-06-27"
      key="btnB_13"
      today={"2019-06-16T10:17:13.000Z"}
    />
    <Connect(ButtonDayBig)
      dateStr="2019-06-28"
      key="btnB_14"
      today={"2019-06-16T10:17:13.000Z"}
    />
    <Connect(ButtonDayBig)
      dateStr="2019-06-29"
      key="btnB_15"
      today={"2019-06-16T10:17:13.000Z"}
    />
    <Connect(ButtonDayBig)
      dateStr="2019-06-30"
      key="btnB_16"
      today={"2019-06-16T10:17:13.000Z"}
    />
    <Connect(ButtonDayBig)
      dateStr="2019-07-01"
      key="btnB_17"
      today={"2019-06-16T10:17:13.000Z"}
    />
    <Connect(ButtonDayBig)
      dateStr="2019-07-02"
      key="btnB_18"
      today={"2019-06-16T10:17:13.000Z"}
    />
    <Connect(ButtonDayBig)
      dateStr="2019-07-03"
      key="btnB_19"
      today={"2019-06-16T10:17:13.000Z"}
    />
    <Connect(ButtonDayBig)
      dateStr="2019-07-04"
      key="btnB_20"
      today={"2019-06-16T10:17:13.000Z"}
    />
    <Connect(ButtonDayBig)
      dateStr="2019-07-05"
      key="btnB_21"
      today={"2019-06-16T10:17:13.000Z"}
    />
    <Connect(ButtonDayBig)
      dateStr="2019-07-06"
      key="btnB_22"
      today={"2019-06-16T10:17:13.000Z"}
    />
    <Connect(ButtonDayBig)
      dateStr="2019-07-07"
      key="btnB_23"
      today={"2019-06-16T10:17:13.000Z"}
    />
    <Connect(ButtonDayBig)
      dateStr="2019-07-08"
      key="btnB_24"
      today={"2019-06-16T10:17:13.000Z"}
    />
    <Connect(ButtonDayBig)
      dateStr="2019-07-09"
      key="btnB_25"
      today={"2019-06-16T10:17:13.000Z"}
    />
    <Connect(ButtonDayBig)
      dateStr="2019-07-10"
      key="btnB_26"
      today={"2019-06-16T10:17:13.000Z"}
    />
    <Connect(ButtonDayBig)
      dateStr="2019-07-11"
      key="btnB_27"
      today={"2019-06-16T10:17:13.000Z"}
    />
    <Connect(ButtonDayBig)
      dateStr="2019-07-12"
      key="btnB_28"
      today={"2019-06-16T10:17:13.000Z"}
    />
    <Connect(ButtonDayBig)
      dateStr="2019-07-13"
      key="btnB_29"
      today={"2019-06-16T10:17:13.000Z"}
    />
    <Connect(ButtonDayBig)
      dateStr="2019-07-14"
      key="btnB_30"
      today={"2019-06-16T10:17:13.000Z"}
    />
    <Connect(ButtonDayBig)
      dateStr="2019-07-15"
      key="btnB_31"
      today={"2019-06-16T10:17:13.000Z"}
    />
    <Connect(ButtonDayBig)
      dateStr="2019-07-16"
      key="btnB_32"
      today={"2019-06-16T10:17:13.000Z"}
    />
    <Connect(ButtonDayBig)
      dateStr="2019-07-17"
      key="btnB_33"
      today={"2019-06-16T10:17:13.000Z"}
    />
    <Connect(ButtonDayBig)
      dateStr="2019-07-18"
      key="btnB_34"
      today={"2019-06-16T10:17:13.000Z"}
    />
    <Connect(ButtonDayBig)
      dateStr="2019-07-19"
      key="btnB_35"
      today={"2019-06-16T10:17:13.000Z"}
    />
    <Connect(ButtonDayBig)
      dateStr="2019-07-20"
      key="btnB_36"
      today={"2019-06-16T10:17:13.000Z"}
    />
    <Connect(ButtonDayBig)
      dateStr="2019-07-21"
      key="btnB_37"
      today={"2019-06-16T10:17:13.000Z"}
    />
    <Connect(ButtonDayBig)
      dateStr="2019-07-22"
      key="btnB_38"
      today={"2019-06-16T10:17:13.000Z"}
    />
    <Connect(ButtonDayBig)
      dateStr="2019-07-23"
      key="btnB_39"
      today={"2019-06-16T10:17:13.000Z"}
    />
    <Connect(ButtonDayBig)
      dateStr="2019-07-24"
      key="btnB_40"
      today={"2019-06-16T10:17:13.000Z"}
    />
    <Connect(ButtonDayBig)
      dateStr="2019-07-25"
      key="btnB_41"
      today={"2019-06-16T10:17:13.000Z"}
    />
    <Connect(ButtonDayBig)
      dateStr="2019-07-26"
      key="btnB_42"
      today={"2019-06-16T10:17:13.000Z"}
    />
    <Connect(ButtonDayBig)
      dateStr="2019-07-27"
      key="btnB_43"
      today={"2019-06-16T10:17:13.000Z"}
    />
    <Connect(ButtonDayBig)
      dateStr="2019-07-28"
      key="btnB_44"
      today={"2019-06-16T10:17:13.000Z"}
    />
    <Connect(ButtonDayBig)
      dateStr="2019-07-29"
      key="btnB_45"
      today={"2019-06-16T10:17:13.000Z"}
    />
    <Connect(ButtonDayBig)
      dateStr="2019-07-30"
      key="btnB_46"
      today={"2019-06-16T10:17:13.000Z"}
    />
    <Connect(ButtonDayBig)
      dateStr="2019-07-31"
      key="btnB_47"
      today={"2019-06-16T10:17:13.000Z"}
    />
    <Connect(ButtonDayBig)
      dateStr="2019-08-01"
      key="btnB_48"
      today={"2019-06-16T10:17:13.000Z"}
    />
    <Connect(ButtonDayBig)
      dateStr="2019-08-02"
      key="btnB_49"
      today={"2019-06-16T10:17:13.000Z"}
    />
    <Connect(ButtonDayBig)
      dateStr="2019-08-03"
      key="btnB_50"
      today={"2019-06-16T10:17:13.000Z"}
    />
    <Connect(ButtonDayBig)
      dateStr="2019-08-04"
      key="btnB_51"
      today={"2019-06-16T10:17:13.000Z"}
    />
    <Connect(ButtonDayBig)
      dateStr="2019-08-05"
      key="btnB_52"
      today={"2019-06-16T10:17:13.000Z"}
    />
    <Connect(ButtonDayBig)
      dateStr="2019-08-06"
      key="btnB_53"
      today={"2019-06-16T10:17:13.000Z"}
    />
    <Connect(ButtonDayBig)
      dateStr="2019-08-07"
      key="btnB_54"
      today={"2019-06-16T10:17:13.000Z"}
    />
    <Connect(ButtonDayBig)
      dateStr="2019-08-08"
      key="btnB_55"
      today={"2019-06-16T10:17:13.000Z"}
    />
    <Connect(ButtonDayBig)
      dateStr="2019-08-09"
      key="btnB_56"
      today={"2019-06-16T10:17:13.000Z"}
    />
    <Connect(ButtonDayBig)
      dateStr="2019-08-10"
      key="btnB_57"
      today={"2019-06-16T10:17:13.000Z"}
    />
    <Connect(ButtonDayBig)
      dateStr="2019-08-11"
      key="btnB_58"
      today={"2019-06-16T10:17:13.000Z"}
    />
    <Connect(ButtonDayBig)
      dateStr="2019-08-12"
      key="btnB_59"
      today={"2019-06-16T10:17:13.000Z"}
    />
    <Connect(ButtonDayBig)
      dateStr="2019-08-13"
      key="btnB_60"
      today={"2019-06-16T10:17:13.000Z"}
    />
    <Connect(ButtonDayBig)
      dateStr="2019-08-14"
      key="btnB_61"
      today={"2019-06-16T10:17:13.000Z"}
    />
    <Connect(ButtonDayBig)
      dateStr="2019-08-15"
      key="btnB_62"
      today={"2019-06-16T10:17:13.000Z"}
    />
    <Connect(ButtonDayBig)
      dateStr="2019-08-16"
      key="btnB_63"
      today={"2019-06-16T10:17:13.000Z"}
    />
    <Connect(ButtonDayBig)
      dateStr="2019-08-17"
      key="btnB_64"
      today={"2019-06-16T10:17:13.000Z"}
    />
    <Connect(ButtonDayBig)
      dateStr="2019-08-18"
      key="btnB_65"
      today={"2019-06-16T10:17:13.000Z"}
    />
    <Connect(ButtonDayBig)
      dateStr="2019-08-19"
      key="btnB_66"
      today={"2019-06-16T10:17:13.000Z"}
    />
    <Connect(ButtonDayBig)
      dateStr="2019-08-20"
      key="btnB_67"
      today={"2019-06-16T10:17:13.000Z"}
    />
    <Connect(ButtonDayBig)
      dateStr="2019-08-21"
      key="btnB_68"
      today={"2019-06-16T10:17:13.000Z"}
    />
    <Connect(ButtonDayBig)
      dateStr="2019-08-22"
      key="btnB_69"
      today={"2019-06-16T10:17:13.000Z"}
    />
    <Connect(ButtonDayBig)
      dateStr="2019-08-23"
      key="btnB_70"
      today={"2019-06-16T10:17:13.000Z"}
    />
    <Connect(ButtonDayBig)
      dateStr="2019-08-24"
      key="btnB_71"
      today={"2019-06-16T10:17:13.000Z"}
    />
    <Connect(ButtonDayBig)
      dateStr="2019-08-25"
      key="btnB_72"
      today={"2019-06-16T10:17:13.000Z"}
    />
    <Connect(ButtonDayBig)
      dateStr="2019-08-26"
      key="btnB_73"
      today={"2019-06-16T10:17:13.000Z"}
    />
    <Connect(ButtonDayBig)
      dateStr="2019-08-27"
      key="btnB_74"
      today={"2019-06-16T10:17:13.000Z"}
    />
    <Connect(ButtonDayBig)
      dateStr="2019-08-28"
      key="btnB_75"
      today={"2019-06-16T10:17:13.000Z"}
    />
    <Connect(ButtonDayBig)
      dateStr="2019-08-29"
      key="btnB_76"
      today={"2019-06-16T10:17:13.000Z"}
    />
    <Connect(ButtonDayBig)
      dateStr="2019-08-30"
      key="btnB_77"
      today={"2019-06-16T10:17:13.000Z"}
    />
    <Connect(ButtonDayBig)
      dateStr="2019-08-31"
      key="btnB_78"
      today={"2019-06-16T10:17:13.000Z"}
    />
  </styled.div>
</styled.div>
`;
