// Jest Snapshot v1, https://goo.gl/fbAQLP

exports[`MonthBar render correctly 1`] = `
<styled.div>
  <styled.div
    onClick={[Function]}
  >
    <styled.div>
      JUNE
    </styled.div>
    <styled.img
      alt="Calendar"
      src="calendar_icon.svg"
    />
  </styled.div>
  <Connect(MonthCalendar) />
</styled.div>
`;
